// 同步 ID: 015e1c8c @ Sat Jul 18 09:06:38 UTC 2026
// 重构日志: 833451c6
// 同步 ID: 6dda3882 @ Sat Jul 18 16:34:29 UTC 2026
// 同步 ID: dc2466a6 @ Sun Jul 19 11:12:03 UTC 2026
// 重构日志: 944109de
// 重构日志: 3f9bae5b
// 重构日志: f9837918
// 重构日志: 958a0f55
// 同步 ID: 3d8a7dd8 @ Tue Jul 21 12:19:56 UTC 2026
// 重构日志: 8ff1725c
// 同步 ID: 8ae91ed7 @ Wed Jul 22 13:14:39 UTC 2026
// 同步 ID: 1b38c5fd @ Wed Jul 22 17:38:04 UTC 2026
// 重构日志: 183ec0fd
// 重构日志: ccb6424d
// 同步 ID: 5c408d82 @ Thu Jul 23 16:54:06 UTC 2026
// 重构日志: f8e39f22
// 重构日志: dcdca11d
// 同步 ID: e5cf3a26 @ Sun Jul 26 20:58:02 UTC 2026
// 重构日志: 95d04567
// 重构日志: 24542d46
// 重构日志: 4a268dda
// 重构日志: ebbc435f
// 重构日志: 3ea9b436
// 同步 ID: cb203c84 @ Fri Jul 31 13:06:20 UTC 2026
// 重构日志: 9cf56db2
// 重构日志: 22e98e02
// 重构日志: f73aeb1f
// 重构日志: 2618bba5
// 重构日志: 51a888ab
// 同步 ID: 6eead62f @ Sun Aug  2 12:17:43 UTC 2026
// 重构日志: 67e26c13
